%!Adobe-FontList 1.14
%Locale:0x1009

%BeginFont
Handler:DirectoryHandler
FontType:Type1
FontName:GaramondPremrPro-Bd
FamilyName:Garamond Premier Pro
StyleName:Bold
FullName:Garamond Premier Pro Bold
MenuName:Garamond Premr Pro
StyleBits:2
WritingScript:Roman
OutlineFileName:\\VBOXSVR\Cloud\school\comp_xxx_capstone\InDesign\Profile Folder\Document fonts\GaramondPremrPro-Bd.otf
DataFormat:sfntData
UsesStandardEncoding:yes
isCFF:yes
FileLength:354796
FileModTime:1114735034
WeightClass:700
WidthClass:5
AngleClass:0
DesignSize:110
%EndFont

%BeginFont
Handler:DirectoryHandler
FontType:Type1
FontName:GaramondPremrPro-BdCapt
FamilyName:Garamond Premier Pro
StyleName:Bold Caption
FullName:Garamond Premier Pro Bold Caption
MenuName:Garamond Premr Pro Capt
StyleBits:2
WritingScript:Roman
OutlineFileName:\\VBOXSVR\Cloud\school\comp_xxx_capstone\InDesign\Profile Folder\Document fonts\GaramondPremrPro-BdCapt.otf
DataFormat:sfntData
UsesStandardEncoding:yes
isCFF:yes
FileLength:345568
FileModTime:1114735034
WeightClass:700
WidthClass:5
AngleClass:0
DesignSize:60
%EndFont

%BeginFont
Handler:DirectoryHandler
FontType:Type1
FontName:GaramondPremrPro
FamilyName:Garamond Premier Pro
StyleName:Regular
FullName:Garamond Premier Pro
MenuName:Garamond Premr Pro
StyleBits:0
WritingScript:Roman
OutlineFileName:\\VBOXSVR\Cloud\school\comp_xxx_capstone\InDesign\Profile Folder\Document fonts\GaramondPremrPro.otf
DataFormat:sfntData
UsesStandardEncoding:yes
isCFF:yes
FileLength:359040
FileModTime:1114735034
WeightClass:400
WidthClass:5
AngleClass:0
DesignSize:110
%EndFont

%BeginFont
Handler:DirectoryHandler
FontType:Type1
FontName:HelveticaNeueLTPro-Bd
FamilyName:Helvetica Neue LT Pro
StyleName:75 Bold
FullName:Helvetica Neue LT Pro 75 Bold
MenuName:HelveticaNeueLT Pro 55 Roman
StyleBits:2
WritingScript:Roman
OutlineFileName:\\VBOXSVR\Cloud\school\comp_xxx_capstone\InDesign\Profile Folder\Document fonts\HelveticaNeueLTPro-Bd.otf
DataFormat:sfntData
UsesStandardEncoding:yes
isCFF:yes
FileLength:35688
FileModTime:1248716853
WeightClass:700
WidthClass:5
AngleClass:0
%EndFont

%BeginFont
Handler:DirectoryHandler
FontType:Type1
FontName:HelveticaNeueLTPro-MdCn
FamilyName:Helvetica Neue LT Pro
StyleName:67 Medium Condensed
FullName:Helvetica Neue LT Pro 67 Medium Condensed
MenuName:HelveticaNeueLT Pro 67 MdCn
StyleBits:0
WritingScript:Roman
OutlineFileName:\\VBOXSVR\Cloud\school\comp_xxx_capstone\InDesign\Profile Folder\Document fonts\HelveticaNeueLTPro-MdCn.otf
DataFormat:sfntData
UsesStandardEncoding:yes
isCFF:yes
FileLength:47656
FileModTime:1248716964
WeightClass:500
WidthClass:5
AngleClass:0
%EndFont

