%!Adobe-FontList 1.18
%Locale:0x1009

%BeginFont
Handler:DirectoryHandler
FontType:Type1
FontName:GaramondPremrPro-Bd
FamilyName:Garamond Premier Pro
StyleName:Bold
FullName:Garamond Premier Pro Bold
MenuName:Garamond Premr Pro
StyleBits:2
WritingScript:Roman
OutlineFileName:C:\Users\Tabamo\Desktop\Profile Folder\Document fonts\GaramondPremrPro-Bd.otf
DataFormat:sfntData
UsesStandardEncoding:yes
isCFF:yes
hasSVG:no
FileLength:354796
FileModTime:1496899624
WeightClass:700
WidthClass:5
AngleClass:0
DesignSize:110
NameArray:0,Mac,18,Garamond Premr Pro Bold
NameArray:0,Mac,4,Garamond Premier Pro Bold
NameArray:0,Win,1,Garamond Premr Pro
NameArray:0,Win,16,Garamond Premier Pro
%EndFont

%BeginFont
Handler:DirectoryHandler
FontType:Type1
FontName:GaramondPremrPro-BdCapt
FamilyName:Garamond Premier Pro
StyleName:Bold Caption
FullName:Garamond Premier Pro Bold Caption
MenuName:Garamond Premr Pro Capt
StyleBits:2
WritingScript:Roman
OutlineFileName:C:\Users\Tabamo\Desktop\Profile Folder\Document fonts\GaramondPremrPro-BdCapt.otf
DataFormat:sfntData
UsesStandardEncoding:yes
isCFF:yes
hasSVG:no
FileLength:345568
FileModTime:1496899624
WeightClass:700
WidthClass:5
AngleClass:0
DesignSize:60
NameArray:0,Mac,18,Garamond Premr Pro Bold Capt
NameArray:0,Mac,4,Garamond Premier Pro Bold Caption
NameArray:0,Win,1,Garamond Premr Pro Capt
NameArray:0,Win,16,Garamond Premier Pro
%EndFont

%BeginFont
Handler:DirectoryHandler
FontType:Type1
FontName:GaramondPremrPro
FamilyName:Garamond Premier Pro
StyleName:Regular
FullName:Garamond Premier Pro
MenuName:Garamond Premr Pro
StyleBits:0
WritingScript:Roman
OutlineFileName:C:\Users\Tabamo\Desktop\Profile Folder\Document fonts\GaramondPremrPro.otf
DataFormat:sfntData
UsesStandardEncoding:yes
isCFF:yes
hasSVG:no
FileLength:359040
FileModTime:1496899624
WeightClass:400
WidthClass:5
AngleClass:0
DesignSize:110
NameArray:0,Mac,18,Garamond Premr Pro
NameArray:0,Mac,4,Garamond Premier Pro
NameArray:0,Win,1,Garamond Premr Pro
NameArray:0,Win,16,Garamond Premier Pro
%EndFont

%BeginFont
Handler:DirectoryHandler
FontType:Type1
FontName:HelveticaNeueLTPro-Bd
FamilyName:Helvetica Neue LT Pro
StyleName:75 Bold
FullName:Helvetica Neue LT Pro 75 Bold
MenuName:HelveticaNeueLT Pro 55 Roman
StyleBits:2
WritingScript:Roman
OutlineFileName:C:\Users\Tabamo\Desktop\Profile Folder\Document fonts\HelveticaNeueLTPro-Bd.otf
DataFormat:sfntData
UsesStandardEncoding:yes
isCFF:yes
hasSVG:no
FileLength:35688
FileModTime:1496899624
WeightClass:700
WidthClass:5
AngleClass:0
NameArray:0,Mac,18,HelveticaNeueLT Pro 75 Bd
NameArray:0,Mac,4,Helvetica Neue LT Pro 75 Bold
NameArray:0,Win,1,HelveticaNeueLT Pro 55 Roman
NameArray:0,Win,16,Helvetica Neue LT Pro
%EndFont

%BeginFont
Handler:DirectoryHandler
FontType:Type1
FontName:HelveticaNeueLTPro-MdCn
FamilyName:Helvetica Neue LT Pro
StyleName:67 Medium Condensed
FullName:Helvetica Neue LT Pro 67 Medium Condensed
MenuName:HelveticaNeueLT Pro 67 MdCn
StyleBits:0
WritingScript:Roman
OutlineFileName:C:\Users\Tabamo\Desktop\Profile Folder\Document fonts\HelveticaNeueLTPro-MdCn.otf
DataFormat:sfntData
UsesStandardEncoding:yes
isCFF:yes
hasSVG:no
FileLength:47656
FileModTime:1496899624
WeightClass:500
WidthClass:5
AngleClass:0
NameArray:0,Mac,18,HelveticaNeueLT Pro 67 MdCn
NameArray:0,Mac,4,Helvetica Neue LT Pro 67 Medium Condensed
NameArray:0,Win,1,HelveticaNeueLT Pro 67 MdCn
NameArray:0,Win,16,Helvetica Neue LT Pro
%EndFont

